// Jest Snapshot v1, https://goo.gl/fbAQLP

exports[`App component App: renders correctly 1`] = `
<div
  className="box-container"
>
  <div
    className="box"
  >
    <div
      className="row"
    >
      <div
        className="cell "
        onClick={[Function]}
      >
        
      </div>
      <div
        className="cell "
        onClick={[Function]}
      >
        
      </div>
      <div
        className="cell "
        onClick={[Function]}
      >
        
      </div>
    </div>
    <div
      className="row"
    >
      <div
        className="cell "
        onClick={[Function]}
      >
        
      </div>
      <div
        className="cell "
        onClick={[Function]}
      >
        
      </div>
      <div
        className="cell "
        onClick={[Function]}
      >
        
      </div>
    </div>
    <div
      className="row"
    >
      <div
        className="cell "
        onClick={[Function]}
      >
        
      </div>
      <div
        className="cell "
        onClick={[Function]}
      >
        
      </div>
      <div
        className="cell "
        onClick={[Function]}
      >
        
      </div>
    </div>
  </div>
</div>
`;
